cloudflared : 
2026-04-05T08:37:12Z INF 
Thank you for trying 
Cloudflare Tunnel. Doing 
so, without a Cloudflare 
account, is a quick way 
to experiment and try it 
out. However, be aware 
that these account-less 
Tunnels have no uptime 
guarantee, are subject to 
the Cloudflare Online 
Services Terms of Use (htt
ps://www.cloudflare.com/we
bsite-terms/), and 
Cloudflare reserves the 
right to investigate your 
use of Tunnels for 
violations of such terms. 
If you intend to use 
Tunnels in production you 
should use a pre-created 
named tunnel by 
following: https://develop
ers.cloudflare.com/cloudfl
are-one/connections/connec
t-apps
At line:1 char:1
+ cloudflared tunnel 
--url 
http://127.0.0.1:11434 
2>&1 | Out-File -File ...
+ ~~~~~~~~~~~~~~~~~~~~~~~~
~~~~~~~~~~~~~~~~~~~~~~~~~~
~~
    + CategoryInfo        
      : NotSpecified: (2  
  026-04-05T08:3...ns/c   
 onnect-apps:String) [    
], RemoteException
    + FullyQualifiedError 
   Id : NativeCommandErr  
  or
 
2026-04-05T08:37:12Z INF 
Requesting new quick 
Tunnel on 
trycloudflare.com...
2026-04-05T08:37:18Z INF +
--------------------------
--------------------------
--------------------------
--------------+
2026-04-05T08:37:18Z INF 
|  Your quick Tunnel has 
been created! Visit it at 
(it may take some time to 
be reachable):  |
2026-04-05T08:37:18Z INF 
|  https://everywhere-jim-
refer-connected.trycloudfl
are.com                   
               |
2026-04-05T08:37:18Z INF +
--------------------------
--------------------------
--------------------------
--------------+
2026-04-05T08:37:18Z INF 
Cannot determine default 
configuration path. No 
file [config.yml 
config.yaml] in 
[~/.cloudflared 
~/.cloudflare-warp 
~/cloudflare-warp]
2026-04-05T08:37:18Z INF 
Version 2025.8.1 
(Checksum b5d598b00cc3a28c
abc5812d9f762819334614bae4
52db4e7f23eefe7b081556)
2026-04-05T08:37:18Z INF 
GOOS: windows, GOVersion: 
go1.24.2, GoArch: amd64
2026-04-05T08:37:18Z INF 
Settings: 
map[ha-connections:1 
protocol:quic url:http://1
27.0.0.1:11434]
2026-04-05T08:37:18Z INF 
cloudflared will not 
automatically update on 
Windows systems.
2026-04-05T08:37:18Z INF 
Generated Connector ID: af
5dc4f3-3e6b-4ee9-aecd-4969
9a370815
2026-04-05T08:37:18Z INF 
Initial protocol quic
2026-04-05T08:37:18Z INF 
ICMP proxy will use 
172.25.254.180 as source 
for IPv4
2026-04-05T08:37:18Z INF 
ICMP proxy will use 
fe80::eff4:bcdf:f824:bc3f 
in zone Wi-Fi as source 
for IPv6
2026-04-05T08:37:18Z ERR 
Cannot determine default 
origin certificate path. 
No file cert.pem in 
[~/.cloudflared 
~/.cloudflare-warp 
~/cloudflare-warp]. You 
need to specify the 
origin certificate path 
by specifying the 
origincert option in the 
configuration file, or 
set TUNNEL_ORIGIN_CERT 
environment variable 
originCertPath=
2026-04-05T08:37:18Z INF 
cloudflared does not 
support loading the 
system root certificate 
pool on Windows. Please 
use --origin-ca-pool 
<PATH> to specify the 
path to the certificate 
pool
2026-04-05T08:37:18Z INF 
ICMP proxy will use 
172.25.254.180 as source 
for IPv4
2026-04-05T08:37:18Z INF 
Tunnel connection curve 
preferences: 
[X25519MLKEM768 
CurveP256] connIndex=0 
event=0 ip=198.41.200.23
2026-04-05T08:37:18Z INF 
ICMP proxy will use 
fe80::eff4:bcdf:f824:bc3f 
in zone Wi-Fi as source 
for IPv6
2026-04-05T08:37:18Z INF 
Starting metrics server 
on 127.0.0.1:20242/metrics
2026-04-05T08:37:19Z INF 
Registered tunnel 
connection connIndex=0 con
nection=8b104af3-1e42-4043
-b351-bc7a1c36409f 
event=0 ip=198.41.200.23 
location=bom12 
protocol=quic
